DTTest:
DTTest{.s = "datetime_from_unix_timestamp(10000000)", .t = ddlog_std::Ok{.res = time::DateTime{.date = "1970-04-26", .time = "17:46:40.000000000"}}}: +1
DTTest{.s = "datetime_parse(\"2020-10-10T10:20:30\", \"%Y-%m-%dT%H:%M:%S\")", .t = ddlog_std::Ok{.res = time::DateTime{.date = "2020-10-10", .time = "10:20:30.000000000"}}}: +1
DTTest{.s = "datetime_parse(\"2020/10/10T10:20:30\", \"%Y-%m-%dT%H:%M:%S\")", .t = ddlog_std::Err{.err = "input contains invalid characters"}}: +1
DTTest{.s = "datetime_parse(\"Wed Mar 05 07:45:30 MST 2025\", \"%a %b %d %H:%M:%S %Z %Y\")", .t = ddlog_std::Ok{.res = time::DateTime{.date = "2025-03-05", .time = "07:45:30.000000000"}}}: +1
DTTest{.s = "datetime_parse(datetime_format(2020-04-14T10:11:12, %Y-%m-%dT%H::%M), %Y-%m-%dT%H::%M)", .t = ddlog_std::Ok{.res = time::DateTime{.date = "2020-04-14", .time = "10:11:00.000000000"}}}: +1
DTTest{.s = "get_datetime(tz_datetime_parse_from_rfc2822(\"Tue, 1 Jul 2003 10:52:37 GMT\"))", .t = ddlog_std::Ok{.res = time::DateTime{.date = "2003-07-01", .time = "10:52:37.000000000"}}}: +1
DTTest{.s = "string2datetime(\"2020-10-10T10:20:30\")", .t = ddlog_std::Ok{.res = time::DateTime{.date = "2020-10-10", .time = "10:20:30.000000000"}}}: +1
DTTest{.s = "string2datetime(to_string(2020-04-14T10:11:12))", .t = ddlog_std::Ok{.res = time::DateTime{.date = "2020-04-14", .time = "10:11:12.000000000"}}}: +1
DTZTest:
DTZTest{.s = "tz_datetime_parse(\"2020-10-10T10:20:30 +02:00\", \"%Y-%m-%dT%H:%M:%S %z\")", .t = ddlog_std::Ok{.res = "2020-10-10T10:20:30+02:00"}}: +1
DTZTest{.s = "tz_datetime_parse(\"2020/10/10T10:20:30 -02:00\", \"%Y/%m/%dT%H:%M:%S %z\")", .t = ddlog_std::Ok{.res = "2020-10-10T10:20:30-03:00"}}: +1
DTZTest{.s = "tz_datetime_parse(\"Wed Mar 05 07:45:30 MST 2025\", \"%a %b %d %H:%M:%S %Z %Y\")", .t = ddlog_std::Err{.err = "input is not enough for unique date and time"}}: +1
DTZTest{.s = "tz_datetime_parse_from_rfc2822(\"Tue, 1 Jul 2003 10:52:37 +0200\")", .t = ddlog_std::Ok{.res = "2003-07-01T10:52:37+02:00"}}: +1
DTZTest{.s = "tz_datetime_parse_from_rfc2822(\"Tue, 1 Jul 2003 10:52:37 GMT\")", .t = ddlog_std::Ok{.res = "2003-07-01T10:52:37+00:00"}}: +1
DTZTest{.s = "tz_datetime_parse_from_rfc3339(\"2020-10-10T10:20:30-03:00\")", .t = ddlog_std::Ok{.res = "2020-10-10T10:20:30-03:00"}}: +1
DTZTest{.s = "utc(string2datetime(\"2020-10-10T10:20:30\"))", .t = ddlog_std::Ok{.res = "2020-10-10T10:20:30+00:00"}}: +1
DTest:
DTest{.s = "Ok{from_julian_day(2000000)}", .t = ddlog_std::Ok{.res = "0763-09-18"}}: +1
DTest{.s = "Ok{next_day(2020-04-14)}", .t = ddlog_std::Ok{.res = "2020-04-15"}}: +1
DTest{.s = "Ok{previous_day(2020-04-14)}", .t = ddlog_std::Ok{.res = "2020-04-13"}}: +1
DTest{.s = "date_parse(\"2020/04/14\", \"%Y/%m/%d\")", .t = ddlog_std::Err{.err = "input contains invalid characters"}}: +1
DTest{.s = "date_parse(date_format(2020-04-14, %Y-%m-%dT), %Y-%m-%dT)", .t = ddlog_std::Err{.err = "trailing input"}}: +1
DTest{.s = "string2date(to_string(someDate()))", .t = ddlog_std::Ok{.res = "2020-04-14"}}: +1
DTest{.s = "try_from_iso_ywd(32'sd2020, 8'd4, Monday)", .t = ddlog_std::Ok{.res = "2020-01-20"}}: +1
DTest{.s = "try_from_ymd(32'sd2020, 8'd0, 8'd14)", .t = ddlog_std::Err{.err = "Invalid date"}}: +1
DTest{.s = "try_from_ymd(32'sd2020, 8'd04, 8'd14)", .t = ddlog_std::Ok{.res = "2020-04-14"}}: +1
DTest{.s = "try_from_ymd(32'sd2020, 8'd13, 8'd14)", .t = ddlog_std::Err{.err = "Invalid date"}}: +1
DTest{.s = "try_from_yo(32'sd2020, 16'd100)", .t = ddlog_std::Ok{.res = "2020-04-09"}}: +1
DTest{.s = "try_from_yo(32'sd2020, 16'd367)", .t = ddlog_std::Err{.err = "Invalid date"}}: +1
Extract:
Extract{.s = "day(2020-04-14)", .v = 14}: +1
Extract{.s = "hour(10:11:12.103104105)", .v = 10}: +1
Extract{.s = "microsecond(10:11:12.103104105)", .v = 103104}: +1
Extract{.s = "millisecond(10:11:12.103104105)", .v = 103}: +1
Extract{.s = "minute(10:11:12.103104105)", .v = 11}: +1
Extract{.s = "month(2020-04-14)", .v = 4}: +1
Extract{.s = "nanosecond(10:11:12.103104105)", .v = 103104105}: +1
Extract{.s = "ordinal(2020-04-14)", .v = 105}: +1
Extract{.s = "second(10:11:12.103104105)", .v = 12}: +1
Extract{.s = "week(2020-04-14)", .v = 16}: +1
Extract{.s = "year(2020-04-14)", .v = 2020}: +1
TTest:
TTest{.s = "Ok(midnight())", .t = ddlog_std::Ok{.res = "00:00:00.000000000"}}: +1
TTest{.s = "string2time(to_string(result_unwrap_or_default(try_from_hms(8'd10, 8'd10, 8'd10))))", .t = ddlog_std::Ok{.res = "10:10:10.000000000"}}: +1
TTest{.s = "string2time(to_string(result_unwrap_or_default(try_from_hms_micro(8'd10, 8'd10, 8'd10, 32'd10))))", .t = ddlog_std::Ok{.res = "10:10:10.000010000"}}: +1
TTest{.s = "string2time(to_string(result_unwrap_or_default(try_from_hms_milli(8'd10, 8'd10, 8'd10, 16'd10))))", .t = ddlog_std::Ok{.res = "10:10:10.010000000"}}: +1
TTest{.s = "string2time(to_string(result_unwrap_or_default(try_from_hms_nano(8'd10, 8'd10, 8'd10, 32'd10))))", .t = ddlog_std::Ok{.res = "10:10:10.000000010"}}: +1
TTest{.s = "time_parse(\"10:10\", \"%T\")", .t = ddlog_std::Err{.err = "premature end of input"}}: +1
TTest{.s = "time_parse(\"10:10:10\", \"%T\")", .t = ddlog_std::Ok{.res = "10:10:10.000000000"}}: +1
TTest{.s = "time_parse(\"10:10:10.102030405\", \"%T.%f\")", .t = ddlog_std::Ok{.res = "10:10:10.102030405"}}: +1
TTest{.s = "time_parse(time_format(10:11:12.103104105, %H::%M::%S), %H::%M::%S)", .t = ddlog_std::Ok{.res = "10:11:12.000000000"}}: +1
TTest{.s = "try_from_hms(8'd0, 8'd60, 8'd0)", .t = ddlog_std::Err{.err = "illegal time value"}}: +1
TTest{.s = "try_from_hms(8'd10, 8'd10, 8'd10)", .t = ddlog_std::Ok{.res = "10:10:10.000000000"}}: +1
TTest{.s = "try_from_hms(8'd23, 8'd0, 8'd0)", .t = ddlog_std::Ok{.res = "23:00:00.000000000"}}: +1
TTest{.s = "try_from_hms(8'd24, 8'd0, 8'd0)", .t = ddlog_std::Err{.err = "illegal time value"}}: +1
TTest{.s = "try_from_hms_micro(8'd10, 8'd10, 8'd10, 32'd10)", .t = ddlog_std::Ok{.res = "10:10:10.000010000"}}: +1
TTest{.s = "try_from_hms_milli(8'd10, 8'd10, 8'd10, 16'd10)", .t = ddlog_std::Ok{.res = "10:10:10.010000000"}}: +1
TTest{.s = "try_from_hms_nano(8'd10, 8'd10, 8'd10, 32'd10)", .t = ddlog_std::Ok{.res = "10:10:10.000000010"}}: +1
TTest{.s = "10:11:12.000000000", .t = ddlog_std::Ok{.res = "10:11:12.000000000"}}
TTest{.s = "Ok(midnight())", .t = ddlog_std::Ok{.res = "00:00:00.000000000"}}
TTest{.s = "string2time(to_string(result_unwrap_or_default(try_from_hms(8'd10, 8'd10, 8'd10))))", .t = ddlog_std::Ok{.res = "10:10:10.000000000"}}
TTest{.s = "string2time(to_string(result_unwrap_or_default(try_from_hms_micro(8'd10, 8'd10, 8'd10, 32'd10))))", .t = ddlog_std::Ok{.res = "10:10:10.000010000"}}
TTest{.s = "string2time(to_string(result_unwrap_or_default(try_from_hms_milli(8'd10, 8'd10, 8'd10, 16'd10))))", .t = ddlog_std::Ok{.res = "10:10:10.010000000"}}
TTest{.s = "string2time(to_string(result_unwrap_or_default(try_from_hms_nano(8'd10, 8'd10, 8'd10, 32'd10))))", .t = ddlog_std::Ok{.res = "10:10:10.000000010"}}
TTest{.s = "time_parse(\"10:10\", \"%T\")", .t = ddlog_std::Err{.err = "premature end of input"}}
TTest{.s = "time_parse(\"10:10:10\", \"%T\")", .t = ddlog_std::Ok{.res = "10:10:10.000000000"}}
TTest{.s = "time_parse(\"10:10:10.102030405\", \"%T.%f\")", .t = ddlog_std::Ok{.res = "10:10:10.102030405"}}
TTest{.s = "time_parse(time_format(10:11:12.103104105, %H::%M::%S), %H::%M::%S)", .t = ddlog_std::Ok{.res = "10:11:12.000000000"}}
TTest{.s = "try_from_hms(8'd0, 8'd60, 8'd0)", .t = ddlog_std::Err{.err = "illegal time value"}}
TTest{.s = "try_from_hms(8'd10, 8'd10, 8'd10)", .t = ddlog_std::Ok{.res = "10:10:10.000000000"}}
TTest{.s = "try_from_hms(8'd23, 8'd0, 8'd0)", .t = ddlog_std::Ok{.res = "23:00:00.000000000"}}
TTest{.s = "try_from_hms(8'd24, 8'd0, 8'd0)", .t = ddlog_std::Err{.err = "illegal time value"}}
TTest{.s = "try_from_hms_micro(8'd10, 8'd10, 8'd10, 32'd10)", .t = ddlog_std::Ok{.res = "10:10:10.000010000"}}
TTest{.s = "try_from_hms_milli(8'd10, 8'd10, 8'd10, 16'd10)", .t = ddlog_std::Ok{.res = "10:10:10.010000000"}}
TTest{.s = "try_from_hms_nano(8'd10, 8'd10, 8'd10, 32'd10)", .t = ddlog_std::Ok{.res = "10:10:10.000000010"}}
Extract{.s = "day(2020-04-14)", .v = 14}
Extract{.s = "hour(10:11:12.103104105)", .v = 10}
Extract{.s = "microsecond(10:11:12.103104105)", .v = 103104}
Extract{.s = "millisecond(10:11:12.103104105)", .v = 103}
Extract{.s = "minute(10:11:12.103104105)", .v = 11}
Extract{.s = "month(2020-04-14)", .v = 4}
Extract{.s = "nanosecond(10:11:12.103104105)", .v = 103104105}
Extract{.s = "ordinal(2020-04-14)", .v = 105}
Extract{.s = "second(10:11:12.103104105)", .v = 12}
Extract{.s = "week(2020-04-14)", .v = 16}
Extract{.s = "year(2020-04-14)", .v = 2020}
DTest{.s = "2010-10-15", .t = ddlog_std::Ok{.res = "2010-10-15"}}
DTest{.s = "Ok{from_julian_day(2000000)}", .t = ddlog_std::Ok{.res = "0763-09-18"}}
DTest{.s = "Ok{next_day(2020-04-14)}", .t = ddlog_std::Ok{.res = "2020-04-15"}}
DTest{.s = "Ok{previous_day(2020-04-14)}", .t = ddlog_std::Ok{.res = "2020-04-13"}}
DTest{.s = "date_parse(\"2020/04/14\", \"%Y/%m/%d\")", .t = ddlog_std::Err{.err = "input contains invalid characters"}}
DTest{.s = "date_parse(date_format(2020-04-14, %Y-%m-%dT), %Y-%m-%dT)", .t = ddlog_std::Err{.err = "trailing input"}}
DTest{.s = "string2date(to_string(someDate()))", .t = ddlog_std::Ok{.res = "2020-04-14"}}
DTest{.s = "try_from_iso_ywd(32'sd2020, 8'd4, Monday)", .t = ddlog_std::Ok{.res = "2020-01-20"}}
DTest{.s = "try_from_ymd(32'sd2020, 8'd0, 8'd14)", .t = ddlog_std::Err{.err = "Invalid date"}}
DTest{.s = "try_from_ymd(32'sd2020, 8'd04, 8'd14)", .t = ddlog_std::Ok{.res = "2020-04-14"}}
DTest{.s = "try_from_ymd(32'sd2020, 8'd13, 8'd14)", .t = ddlog_std::Err{.err = "Invalid date"}}
DTest{.s = "try_from_yo(32'sd2020, 16'd100)", .t = ddlog_std::Ok{.res = "2020-04-09"}}
DTest{.s = "try_from_yo(32'sd2020, 16'd367)", .t = ddlog_std::Err{.err = "Invalid date"}}
DTTest{.s = "2010-10-15T10:11:12", .t = ddlog_std::Ok{.res = time::DateTime{.date = "2010-10-15", .time = "10:11:12.000000000"}}}
DTTest{.s = "datetime_from_unix_timestamp(10000000)", .t = ddlog_std::Ok{.res = time::DateTime{.date = "1970-04-26", .time = "17:46:40.000000000"}}}
DTTest{.s = "datetime_parse(\"2020-10-10T10:20:30\", \"%Y-%m-%dT%H:%M:%S\")", .t = ddlog_std::Ok{.res = time::DateTime{.date = "2020-10-10", .time = "10:20:30.000000000"}}}
DTTest{.s = "datetime_parse(\"2020/10/10T10:20:30\", \"%Y-%m-%dT%H:%M:%S\")", .t = ddlog_std::Err{.err = "input contains invalid characters"}}
DTTest{.s = "datetime_parse(\"Wed Mar 05 07:45:30 MST 2025\", \"%a %b %d %H:%M:%S %Z %Y\")", .t = ddlog_std::Ok{.res = time::DateTime{.date = "2025-03-05", .time = "07:45:30.000000000"}}}
DTTest{.s = "datetime_parse(datetime_format(2020-04-14T10:11:12, %Y-%m-%dT%H::%M), %Y-%m-%dT%H::%M)", .t = ddlog_std::Ok{.res = time::DateTime{.date = "2020-04-14", .time = "10:11:00.000000000"}}}
DTTest{.s = "get_datetime(tz_datetime_parse_from_rfc2822(\"Tue, 1 Jul 2003 10:52:37 GMT\"))", .t = ddlog_std::Ok{.res = time::DateTime{.date = "2003-07-01", .time = "10:52:37.000000000"}}}
DTTest{.s = "string2datetime(\"2020-10-10T10:20:30\")", .t = ddlog_std::Ok{.res = time::DateTime{.date = "2020-10-10", .time = "10:20:30.000000000"}}}
DTTest{.s = "string2datetime(to_string(2020-04-14T10:11:12))", .t = ddlog_std::Ok{.res = time::DateTime{.date = "2020-04-14", .time = "10:11:12.000000000"}}}
